// Jest Snapshot v1, https://goo.gl/fbAQLP

exports[`Ищем кнопку авторизации по слову Авторизоваться 1`] = `undefined`;
